
Memory Configuration

Name             Origin             Length             Attributes
RAM              0x0000000000000000 0x0000000000008000 xrw
*default*        0x0000000000000000 0xffffffffffffffff

Linker script and memory map


.text           0x0000000000000000      0x144
                0x0000000000000000                . = ALIGN (0x4)
 *(.text)
 .text          0x0000000000000000       0x80 /tmp/ccTas0VP.o
 .text          0x0000000000000080       0x28 /tmp/cc4GT81R.o
                0x0000000000000080                main
 .text          0x00000000000000a8       0x34 /tmp/ccLiHX9Q.o
                0x00000000000000a8                SOCBlinker::Firmware::EntryPoint()
 *(.text*)
 *(.rodata)
 *(.rodata*)
 *(.srodata)
 *(.srodata*)
 *(.eh_frame)
 .eh_frame      0x00000000000000dc       0x38 /tmp/cc4GT81R.o
 .eh_frame      0x0000000000000114       0x30 /tmp/ccLiHX9Q.o
 *(.eh_frame*)
                0x0000000000000144                . = ALIGN (0x4)
                0x0000000000000144                _etext = .
                0x0000000000000144                _sidata = _etext

.data           0x0000000000000144        0x0
                0x0000000000000144                . = ALIGN (0x4)
                0x0000000000000144                _sdata = .
                0x0000000000000144                _ram_start = .
 *(.data)
 .data          0x0000000000000144        0x0 /tmp/ccTas0VP.o
 .data          0x0000000000000144        0x0 /tmp/cc4GT81R.o
 .data          0x0000000000000144        0x0 /tmp/ccLiHX9Q.o
 *(.data*)
 *(.sdata)
 *(.sdata*)
 *(.init_array)
 *(.init_array*)
                0x0000000000000144                . = ALIGN (0x4)
                0x0000000000000144                _edata = .

.bss            0x0000000000000144       0x2c
                0x0000000000000144                . = ALIGN (0x4)
                0x0000000000000144                _sbss = .
 *(.bss)
 .bss           0x0000000000000144        0x0 /tmp/ccTas0VP.o
 .bss           0x0000000000000144        0x0 /tmp/cc4GT81R.o
 .bss           0x0000000000000144       0x28 /tmp/ccLiHX9Q.o
                0x0000000000000144                SOCBlinker::Firmware::buff
 *(.bss*)
 *(.sbss)
 .sbss          0x000000000000016c        0x4 /tmp/ccLiHX9Q.o
                0x000000000000016c                SOCBlinker::Firmware::result
 *(.sbss*)
 *(COMMON)
                0x0000000000000170                . = ALIGN (0x4)
                0x0000000000000170                _ebss = .

.heap           0x0000000000000170        0x0
                0x0000000000000170                . = ALIGN (0x4)
                0x0000000000000170                _heap_start = .
LOAD /tmp/ccTas0VP.o
LOAD /tmp/cc4GT81R.o
LOAD /tmp/ccLiHX9Q.o
OUTPUT(firmware.elf elf32-littleriscv)

.comment        0x0000000000000000       0x11
 .comment       0x0000000000000000       0x11 /tmp/cc4GT81R.o
                                         0x12 (size before relaxing)
 .comment       0x0000000000000011       0x12 /tmp/ccLiHX9Q.o

Cross Reference Table

Symbol                                            File
SOCBlinker::Firmware::EntryPoint()                /tmp/ccLiHX9Q.o
                                                  /tmp/cc4GT81R.o
SOCBlinker::Firmware::buff                        /tmp/ccLiHX9Q.o
SOCBlinker::Firmware::result                      /tmp/ccLiHX9Q.o
main                                              /tmp/cc4GT81R.o
                                                  /tmp/ccTas0VP.o
