
Memory Configuration

Name             Origin             Length             Attributes
RAM              0x0000000000000000 0x0000000000008000 xrw
*default*        0x0000000000000000 0xffffffffffffffff

Linker script and memory map


.text           0x0000000000000000      0x63c
                0x0000000000000000                . = ALIGN (0x4)
 *(.text)
 .text          0x0000000000000000      0x1fc /tmp/ccKtbsZV.o
 .text          0x00000000000001fc        0x8 /tmp/ccCepyYU.o
                0x00000000000001fc                set_irq_mask
 .text          0x0000000000000204       0x58 /tmp/cc7syVqT.o
                0x0000000000000204                main
 .text          0x000000000000025c      0x300 /tmp/ccjf03DW.o
                0x000000000000025c                ArrayDeclarationTestSource::Firmware::InitData()
                0x0000000000000378                ArrayDeclarationTestSource::Firmware::CalculateResult()
                0x00000000000004bc                ArrayDeclarationTestSource::Firmware::SetResult()
                0x000000000000052c                ArrayDeclarationTestSource::Firmware::EntryPoint()
 *(.text*)
 *(.rodata)
 *(.rodata*)
 *(.srodata)
 *(.srodata*)
 *(.eh_frame)
 .eh_frame      0x000000000000055c       0x3c /tmp/cc7syVqT.o
 .eh_frame      0x0000000000000598       0xa4 /tmp/ccjf03DW.o
 *(.eh_frame*)
                0x000000000000063c                . = ALIGN (0x4)
                0x000000000000063c                _etext = .
                0x000000000000063c                _sidata = _etext

.rela.dyn       0x000000000000063c        0x0
 .rela.text     0x000000000000063c        0x0 /tmp/ccKtbsZV.o

.data           0x000000000000063c       0x20
                0x000000000000063c                . = ALIGN (0x4)
                0x000000000000063c                _sdata = .
                0x000000000000063c                _ram_start = .
 *(.data)
 .data          0x000000000000063c       0x14 /tmp/ccKtbsZV.o
 .data          0x0000000000000650        0x0 /tmp/ccCepyYU.o
 .data          0x0000000000000650        0x0 /tmp/cc7syVqT.o
 .data          0x0000000000000650        0x0 /tmp/ccjf03DW.o
 *(.data*)
 *(.sdata)
 .sdata         0x0000000000000650        0xc /tmp/ccjf03DW.o
                0x0000000000000650                ArrayDeclarationTestSource::Firmware::U8Result
                0x0000000000000651                ArrayDeclarationTestSource::Firmware::S8Result
                0x0000000000000654                ArrayDeclarationTestSource::Firmware::C16Result
                0x0000000000000658                ArrayDeclarationTestSource::Firmware::U16Result
                0x000000000000065a                ArrayDeclarationTestSource::Firmware::S16Result
 *(.sdata*)
 *(.init_array)
 *(.init_array*)
                0x000000000000065c                . = ALIGN (0x4)
                0x000000000000065c                _edata = .

.bss            0x000000000000065c      0x128
                0x000000000000065c                . = ALIGN (0x4)
                0x000000000000065c                _sbss = .
 *(.bss)
 .bss           0x000000000000065c        0x0 /tmp/ccKtbsZV.o
 .bss           0x000000000000065c        0x0 /tmp/ccCepyYU.o
 .bss           0x000000000000065c        0x0 /tmp/cc7syVqT.o
 .bss           0x000000000000065c      0x120 /tmp/ccjf03DW.o
                0x000000000000065c                ArrayDeclarationTestSource::Firmware::U8Buff
                0x000000000000066c                ArrayDeclarationTestSource::Firmware::S8Buff
                0x000000000000067c                ArrayDeclarationTestSource::Firmware::C16Buff
                0x00000000000006bc                ArrayDeclarationTestSource::Firmware::U16Buff
                0x00000000000006dc                ArrayDeclarationTestSource::Firmware::S16Buff
                0x00000000000006fc                ArrayDeclarationTestSource::Firmware::U32Buff
                0x000000000000073c                ArrayDeclarationTestSource::Firmware::S32Buff
 *(.bss*)
 *(.sbss)
 .sbss          0x000000000000077c        0x8 /tmp/ccjf03DW.o
                0x000000000000077c                ArrayDeclarationTestSource::Firmware::U32Result
                0x0000000000000780                ArrayDeclarationTestSource::Firmware::S32Result
 *(.sbss*)
 *(COMMON)
                0x0000000000000784                . = ALIGN (0x4)
                0x0000000000000784                _ebss = .

.heap           0x0000000000000784        0x0
                0x0000000000000784                . = ALIGN (0x4)
                0x0000000000000784                _heap_start = .
LOAD /tmp/ccKtbsZV.o
LOAD /tmp/ccCepyYU.o
LOAD /tmp/cc7syVqT.o
LOAD /tmp/ccjf03DW.o
OUTPUT(firmware.elf elf32-littleriscv)

.comment        0x0000000000000000       0x11
 .comment       0x0000000000000000       0x11 /tmp/ccCepyYU.o
                                         0x12 (size before relaxing)
 .comment       0x0000000000000011       0x12 /tmp/cc7syVqT.o
 .comment       0x0000000000000011       0x12 /tmp/ccjf03DW.o

Cross Reference Table

Symbol                                            File
ArrayDeclarationTestSource::Firmware::C16Buff     /tmp/ccjf03DW.o
ArrayDeclarationTestSource::Firmware::C16Result   /tmp/ccjf03DW.o
ArrayDeclarationTestSource::Firmware::CalculateResult() /tmp/ccjf03DW.o
ArrayDeclarationTestSource::Firmware::EntryPoint() /tmp/ccjf03DW.o
                                                  /tmp/cc7syVqT.o
ArrayDeclarationTestSource::Firmware::InitData()  /tmp/ccjf03DW.o
ArrayDeclarationTestSource::Firmware::S16Buff     /tmp/ccjf03DW.o
ArrayDeclarationTestSource::Firmware::S16Result   /tmp/ccjf03DW.o
ArrayDeclarationTestSource::Firmware::S32Buff     /tmp/ccjf03DW.o
ArrayDeclarationTestSource::Firmware::S32Result   /tmp/ccjf03DW.o
ArrayDeclarationTestSource::Firmware::S8Buff      /tmp/ccjf03DW.o
ArrayDeclarationTestSource::Firmware::S8Result    /tmp/ccjf03DW.o
ArrayDeclarationTestSource::Firmware::SetResult() /tmp/ccjf03DW.o
ArrayDeclarationTestSource::Firmware::U16Buff     /tmp/ccjf03DW.o
ArrayDeclarationTestSource::Firmware::U16Result   /tmp/ccjf03DW.o
ArrayDeclarationTestSource::Firmware::U32Buff     /tmp/ccjf03DW.o
ArrayDeclarationTestSource::Firmware::U32Result   /tmp/ccjf03DW.o
ArrayDeclarationTestSource::Firmware::U8Buff      /tmp/ccjf03DW.o
ArrayDeclarationTestSource::Firmware::U8Result    /tmp/ccjf03DW.o
_ebss                                             /tmp/cc7syVqT.o
_sbss                                             /tmp/cc7syVqT.o
debug                                             /tmp/ccKtbsZV.o
main                                              /tmp/cc7syVqT.o
                                                  /tmp/ccKtbsZV.o
set_irq_mask                                      /tmp/ccCepyYU.o
                                                  /tmp/cc7syVqT.o
